CCS PCM C Compiler, Version 4.049, 34317               06-ago-13 10:14

               Filename: C:\Users\Administrador\Desktop\Proyectos PIC-C\T2\input.lst

               ROM used: 126 words (2%)
                         Largest free fragment is 2048
               RAM used: 7 (2%) at main() level
                         7 (2%) worst case
               Stack:    0 locations

*
0000:  MOVLW  00
0001:  MOVWF  0A
0002:  GOTO   004
0003:  NOP
.................... #include <16f877a.h> 
.................... //////// Standard Header file for the PIC16F877A device //////////////// 
.................... #device PIC16F877A 
.................... #list 
....................  
.................... #use delay (clock = 4M) 
....................  
.................... void main () { 
0004:  CLRF   04
0005:  BCF    03.7
0006:  MOVLW  1F
0007:  ANDWF  03,F
0008:  BSF    03.5
0009:  BSF    1F.0
000A:  BSF    1F.1
000B:  BSF    1F.2
000C:  BCF    1F.3
000D:  MOVLW  07
000E:  MOVWF  1C
....................  
....................    while (true) { 
....................       if (input (pin_b0)){ 
*
0012:  BSF    03.5
0013:  BSF    06.0
0014:  BCF    03.5
0015:  BTFSS  06.0
0016:  GOTO   047
....................        
....................       output_high(pin_c0); 
*
000F:  MOVLW  FF
0010:  BCF    03.5
0011:  MOVWF  20
*
0017:  BCF    20.0
0018:  MOVF   20,W
0019:  BSF    03.5
001A:  MOVWF  07
001B:  BCF    03.5
001C:  BSF    07.0
....................       output_high(pin_c1); 
001D:  BCF    20.1
001E:  MOVF   20,W
001F:  BSF    03.5
0020:  MOVWF  07
0021:  BCF    03.5
0022:  BSF    07.1
....................       output_high(pin_c2); 
0023:  BCF    20.2
0024:  MOVF   20,W
0025:  BSF    03.5
0026:  MOVWF  07
0027:  BCF    03.5
0028:  BSF    07.2
....................       output_high(pin_c3); 
0029:  BCF    20.3
002A:  MOVF   20,W
002B:  BSF    03.5
002C:  MOVWF  07
002D:  BCF    03.5
002E:  BSF    07.3
....................       output_high(pin_c4); 
002F:  BCF    20.4
0030:  MOVF   20,W
0031:  BSF    03.5
0032:  MOVWF  07
0033:  BCF    03.5
0034:  BSF    07.4
....................       output_high(pin_c5); 
0035:  BCF    20.5
0036:  MOVF   20,W
0037:  BSF    03.5
0038:  MOVWF  07
0039:  BCF    03.5
003A:  BSF    07.5
....................       output_high(pin_c6); 
003B:  BCF    20.6
003C:  MOVF   20,W
003D:  BSF    03.5
003E:  MOVWF  07
003F:  BCF    03.5
0040:  BSF    07.6
....................       output_high(pin_c7); 
0041:  BCF    20.7
0042:  MOVF   20,W
0043:  BSF    03.5
0044:  MOVWF  07
0045:  BCF    03.5
0046:  BSF    07.7
....................        
....................       } 
....................        
....................       if (!input (pin_b0)){ 
0047:  BSF    03.5
0048:  BSF    06.0
0049:  BCF    03.5
004A:  BTFSC  06.0
004B:  GOTO   07C
....................       output_low(pin_c0); 
004C:  BCF    20.0
004D:  MOVF   20,W
004E:  BSF    03.5
004F:  MOVWF  07
0050:  BCF    03.5
0051:  BCF    07.0
....................       output_low(pin_c1); 
0052:  BCF    20.1
0053:  MOVF   20,W
0054:  BSF    03.5
0055:  MOVWF  07
0056:  BCF    03.5
0057:  BCF    07.1
....................       output_low(pin_c2); 
0058:  BCF    20.2
0059:  MOVF   20,W
005A:  BSF    03.5
005B:  MOVWF  07
005C:  BCF    03.5
005D:  BCF    07.2
....................       output_low(pin_c3); 
005E:  BCF    20.3
005F:  MOVF   20,W
0060:  BSF    03.5
0061:  MOVWF  07
0062:  BCF    03.5
0063:  BCF    07.3
....................       output_low(pin_c4); 
0064:  BCF    20.4
0065:  MOVF   20,W
0066:  BSF    03.5
0067:  MOVWF  07
0068:  BCF    03.5
0069:  BCF    07.4
....................       output_low(pin_c5); 
006A:  BCF    20.5
006B:  MOVF   20,W
006C:  BSF    03.5
006D:  MOVWF  07
006E:  BCF    03.5
006F:  BCF    07.5
....................       output_low(pin_c6); 
0070:  BCF    20.6
0071:  MOVF   20,W
0072:  BSF    03.5
0073:  MOVWF  07
0074:  BCF    03.5
0075:  BCF    07.6
....................       output_low(pin_c7); 
0076:  BCF    20.7
0077:  MOVF   20,W
0078:  BSF    03.5
0079:  MOVWF  07
007A:  BCF    03.5
007B:  BCF    07.7
....................       } 
....................        
....................    } 
007C:  GOTO   012
.................... } 
007D:  SLEEP

Configuration Fuses:
   Word  1: 3F73   RC NOWDT PUT NODEBUG NOPROTECT BROWNOUT NOLVP NOCPD NOWRT
